Create directory data/processed/aux_pan_gvpa_staging/clustering/tmp_95
easy-cluster data/processed/aux_pan_gvpa_staging/leakage/safe.fasta data/processed/aux_pan_gvpa_staging/clustering/mmseqs_95 data/processed/aux_pan_gvpa_staging/clustering/tmp_95 --min-seq-id 0.95 -c 0.8 --cov-mode 0 --threads 4 

MMseqs Version:                     	18.8cc5c
Substitution matrix                 	aa:blosum62.out,nucl:nucleotide.out
Seed substitution matrix            	aa:VTML80.out,nucl:nucleotide.out
Sensitivity                         	4
k-mer length                        	0
Target search mode                  	0
k-score                             	seq:2147483647,prof:2147483647
Alphabet size                       	aa:21,nucl:5
Max sequence length                 	65535
Max results per query               	20
Split database                      	0
Split mode                          	2
Split memory limit                  	0
Coverage threshold                  	0.8
Coverage mode                       	0
Compositional bias                  	1
Compositional bias scale            	1
Diagonal scoring                    	true
Exact k-mer matching                	0
Mask residues                       	1
Mask residues probability           	0.9
Mask lower case residues            	0
Mask lower letter repeating N times 	0
Minimum diagonal score              	15
Selected taxa                       	
Include identical seq. id.          	false
Spaced k-mers                       	1
Preload mode                        	0
Pseudo count a                      	substitution:1.100,context:1.400
Pseudo count b                      	substitution:4.100,context:5.800
Spaced k-mer pattern                	
Local temporary path                	
Threads                             	4
Compressed                          	0
Verbosity                           	3
Add backtrace                       	false
Alignment mode                      	3
Alignment mode                      	0
Allow wrapped scoring               	false
E-value threshold                   	0.001
Seq. id. threshold                  	0.95
Min alignment length                	0
Seq. id. mode                       	0
Alternative alignments              	0
Max reject                          	2147483647
Max accept                          	2147483647
Score bias                          	0
Realign hits                        	false
Realign score bias                  	-0.2
Realign max seqs                    	2147483647
Correlation score weight            	0
Gap open cost                       	aa:11,nucl:5
Gap extension cost                  	aa:1,nucl:2
Zdrop                               	40
Rescore mode                        	0
Remove hits by seq. id. and coverage	false
Sort results                        	0
Cluster mode                        	0
Max connected component depth       	1000
Similarity type                     	2
Weight file name                    	
Cluster Weight threshold            	0.9
Single step clustering              	false
Cascaded clustering steps           	3
Cluster reassign                    	false
Remove temporary files              	true
Force restart with latest tmp       	false
MPI runner                          	
k-mers per sequence                 	21
Scale k-mers per sequence           	aa:0.000,nucl:0.200
Adjust k-mer length                 	false
Shift hash                          	67
Include only extendable             	false
Skip repeating k-mers               	false
Database type                       	0
Shuffle input database              	true
Createdb mode                       	1
Write lookup file                   	0
Offset of numeric ids               	0
Use GPU                             	0

createdb data/processed/aux_pan_gvpa_staging/leakage/safe.fasta data/processed/aux_pan_gvpa_staging/clustering/tmp_95/15919101460949215612/input --createdb-mode 1 --write-lookup 0 --threads 4 

Shuffle database cannot be combined with --createdb-mode 1
We recompute with --shuffle 0
Converting sequences
[Multiline fasta can not be combined with --createdb-mode 0
We recompute with --createdb-mode 1
Time for merging to input_h: 0h 0m 0s 0ms
Time for merging to input: 0h 0m 0s 0ms
[
Time for merging to input_h: 0h 0m 0s 0ms
Time for merging to input: 0h 0m 0s 0ms
Database type: Aminoacid
Time for processing: 0h 0m 0s 1ms
Create directory data/processed/aux_pan_gvpa_staging/clustering/tmp_95/15919101460949215612/clu_tmp
cluster data/processed/aux_pan_gvpa_staging/clustering/tmp_95/15919101460949215612/input data/processed/aux_pan_gvpa_staging/clustering/tmp_95/15919101460949215612/clu data/processed/aux_pan_gvpa_staging/clustering/tmp_95/15919101460949215612/clu_tmp --max-seqs 20 -c 0.8 --cov-mode 0 --spaced-kmer-mode 1 --threads 4 --alignment-mode 3 -e 0.001 --min-seq-id 0.95 --remove-tmp-files 1 

Set cluster sensitivity to -s 1.000000
Set cluster mode SET COVER
Set cluster iterations to 1
linclust data/processed/aux_pan_gvpa_staging/clustering/tmp_95/15919101460949215612/input data/processed/aux_pan_gvpa_staging/clustering/tmp_95/15919101460949215612/clu_tmp/5954115689821639555/clu_redundancy data/processed/aux_pan_gvpa_staging/clustering/tmp_95/15919101460949215612/clu_tmp/5954115689821639555/linclust --cluster-mode 0 --max-iterations 1000 --similarity-type 2 --threads 4 --compressed 0 -v 3 --cluster-weight-threshold 0.9 --sub-mat 'aa:blosum62.out,nucl:nucleotide.out' -a 0 --alignment-mode 3 --alignment-output-mode 0 --wrapped-scoring 0 -e 0.001 --min-seq-id 0.95 --min-aln-len 0 --seq-id-mode 0 --alt-ali 0 -c 0.8 --cov-mode 0 --max-seq-len 65535 --comp-bias-corr 0 --comp-bias-corr-scale 1 --max-rejected 2147483647 --max-accept 2147483647 --add-self-matches 0 --db-load-mode 0 --pca substitution:1.100,context:1.400 --pcb substitution:4.100,context:5.800 --score-bias 0 --realign 0 --realign-score-bias -0.2 --realign-max-seqs 2147483647 --corr-score-weight 0 --gap-open aa:11,nucl:5 --gap-extend aa:1,nucl:2 --zdrop 40 --alph-size aa:13,nucl:5 --kmer-per-seq 21 --spaced-kmer-mode 1 --kmer-per-seq-scale aa:0.000,nucl:0.200 --adjust-kmer-len 0 --mask 0 --mask-prob 0.9 --mask-lower-case 0 --mask-n-repeat 0 -k 0 --hash-shift 67 --split-memory-limit 0 --include-only-extendable 0 --ignore-multi-kmer 0 --rescore-mode 0 --filter-hits 0 --sort-results 0 --remove-tmp-files 1 --force-reuse 0 

kmermatcher data/processed/aux_pan_gvpa_staging/clustering/tmp_95/15919101460949215612/input data/processed/aux_pan_gvpa_staging/clustering/tmp_95/15919101460949215612/clu_tmp/5954115689821639555/linclust/9232733019351090882/pref --sub-mat 'aa:blosum62.out,nucl:nucleotide.out' --alph-size aa:13,nucl:5 --min-seq-id 0.95 --kmer-per-seq 21 --spaced-kmer-mode 1 --kmer-per-seq-scale aa:0.000,nucl:0.200 --adjust-kmer-len 0 --mask 0 --mask-prob 0.9 --mask-lower-case 0 --mask-n-repeat 0 --cov-mode 0 -k 0 -c 0.8 --max-seq-len 65535 --hash-shift 67 --split-memory-limit 0 --include-only-extendable 0 --ignore-multi-kmer 0 --threads 4 --compressed 0 -v 3 --cluster-weight-threshold 0.9 

kmermatcher data/processed/aux_pan_gvpa_staging/clustering/tmp_95/15919101460949215612/input data/processed/aux_pan_gvpa_staging/clustering/tmp_95/15919101460949215612/clu_tmp/5954115689821639555/linclust/9232733019351090882/pref --sub-mat 'aa:blosum62.out,nucl:nucleotide.out' --alph-size aa:13,nucl:5 --min-seq-id 0.95 --kmer-per-seq 21 --spaced-kmer-mode 1 --kmer-per-seq-scale aa:0.000,nucl:0.200 --adjust-kmer-len 0 --mask 0 --mask-prob 0.9 --mask-lower-case 0 --mask-n-repeat 0 --cov-mode 0 -k 0 -c 0.8 --max-seq-len 65535 --hash-shift 67 --split-memory-limit 0 --include-only-extendable 0 --ignore-multi-kmer 0 --threads 4 --compressed 0 -v 3 --cluster-weight-threshold 0.9 

Database size: 550 type: Aminoacid
Reduced amino acid alphabet: (A S T) (C) (D B N) (E Q Z) (F Y) (G) (H) (I V) (K R) (L J M) (P) (W) (X) 

Generate k-mers list for 1 split
[=================================================================] 550 0s 2ms
Sort kmer 0h 0m 0s 0ms
Sort by rep. sequence 0h 0m 0s 0ms
Time for fill: 0h 0m 0s 0ms
Time for merging to pref: 0h 0m 0s 0ms
Time for processing: 0h 0m 0s 7ms
rescorediagonal data/processed/aux_pan_gvpa_staging/clustering/tmp_95/15919101460949215612/input data/processed/aux_pan_gvpa_staging/clustering/tmp_95/15919101460949215612/input data/processed/aux_pan_gvpa_staging/clustering/tmp_95/15919101460949215612/clu_tmp/5954115689821639555/linclust/9232733019351090882/pref data/processed/aux_pan_gvpa_staging/clustering/tmp_95/15919101460949215612/clu_tmp/5954115689821639555/linclust/9232733019351090882/pref_rescore1 --sub-mat 'aa:blosum62.out,nucl:nucleotide.out' --rescore-mode 0 --wrapped-scoring 0 --filter-hits 0 -e 0.001 -c 0.8 -a 0 --cov-mode 0 --min-seq-id 0.95 --min-aln-len 0 --seq-id-mode 0 --add-self-matches 0 --sort-results 0 --db-load-mode 0 --threads 4 --compressed 0 -v 3 

[==============================================================] =550 0s 0ms
==Time for merging to pref_rescore1: 0h 0m 0s 0ms
Time for processing: 0h 0m 0s 1ms
clust data/processed/aux_pan_gvpa_staging/clustering/tmp_95/15919101460949215612/input data/processed/aux_pan_gvpa_staging/clustering/tmp_95/15919101460949215612/clu_tmp/5954115689821639555/linclust/9232733019351090882/pref_rescore1 data/processed/aux_pan_gvpa_staging/clustering/tmp_95/15919101460949215612/clu_tmp/5954115689821639555/linclust/9232733019351090882/pre_clust --cluster-mode 0 --max-iterations 1000 --similarity-type 2 --threads 4 --compressed 0 -v 3 --cluster-weight-threshold 0.9 

Clustering mode: Set Cover
[=================================================================] 550 0s 0ms
Sort entries
Find missing connections
Found 219 new connections.
Reconstruct initial order
[=================================================================] 550 0s 0ms
Add missing connections
[=================================================================] 550 0s 0ms

Time for read in: 0h 0m 0s 0ms
Total time: 0h 0m 0s 0ms

Size of the sequence database: 550
Size of the alignment database: 550
Number of clusters: 378

Writing results 0h 0m 0s 0ms
Time for merging to pre_clust: 0h 0m 0s 0ms
Time for processing: 0h 0m 0s 1ms
createsubdb data/processed/aux_pan_gvpa_staging/clustering/tmp_95/15919101460949215612/clu_tmp/5954115689821639555/linclust/9232733019351090882/order_redundancy data/processed/aux_pan_gvpa_staging/clustering/tmp_95/15919101460949215612/input data/processed/aux_pan_gvpa_staging/clustering/tmp_95/15919101460949215612/clu_tmp/5954115689821639555/linclust/9232733019351090882/input_step_redundancy -v 3 --subdb-mode 1 

Time for merging to input_step_redundancy: 0h 0m 0s 0ms
Time for processing: 0h 0m 0s 0ms
createsubdb data/processed/aux_pan_gvpa_staging/clustering/tmp_95/15919101460949215612/clu_tmp/5954115689821639555/linclust/9232733019351090882/order_redundancy data/processed/aux_pan_gvpa_staging/clustering/tmp_95/15919101460949215612/clu_tmp/5954115689821639555/linclust/9232733019351090882/pref data/processed/aux_pan_gvpa_staging/clustering/tmp_95/15919101460949215612/clu_tmp/5954115689821639555/linclust/9232733019351090882/pref_filter1 -v 3 --subdb-mode 1 

Time for merging to pref_filter1: 0h 0m 0s 0ms
Time for processing: 0h 0m 0s 0ms
filterdb data/processed/aux_pan_gvpa_staging/clustering/tmp_95/15919101460949215612/clu_tmp/5954115689821639555/linclust/9232733019351090882/pref_filter1 data/processed/aux_pan_gvpa_staging/clustering/tmp_95/15919101460949215612/clu_tmp/5954115689821639555/linclust/9232733019351090882/pref_filter2 --filter-file data/processed/aux_pan_gvpa_staging/clustering/tmp_95/15919101460949215612/clu_tmp/5954115689821639555/linclust/9232733019351090882/order_redundancy --threads 4 --compressed 0 -v 3 

Filtering using file(s)
[=================================================================] 378 0s 0ms
Time for merging to pref_filter2: 0h 0m 0s 0ms
Time for processing: 0h 0m 0s 1ms
rescorediagonal data/processed/aux_pan_gvpa_staging/clustering/tmp_95/15919101460949215612/clu_tmp/5954115689821639555/linclust/9232733019351090882/input_step_redundancy data/processed/aux_pan_gvpa_staging/clustering/tmp_95/15919101460949215612/clu_tmp/5954115689821639555/linclust/9232733019351090882/input_step_redundancy data/processed/aux_pan_gvpa_staging/clustering/tmp_95/15919101460949215612/clu_tmp/5954115689821639555/linclust/9232733019351090882/pref_filter2 data/processed/aux_pan_gvpa_staging/clustering/tmp_95/15919101460949215612/clu_tmp/5954115689821639555/linclust/9232733019351090882/pref_rescore2 --sub-mat 'aa:blosum62.out,nucl:nucleotide.out' --rescore-mode 1 --wrapped-scoring 0 --filter-hits 1 -e 0.001 -c 0.8 -a 0 --cov-mode 0 --min-seq-id 0.95 --min-aln-len 0 --seq-id-mode 0 --add-self-matches 0 --sort-results 0 --db-load-mode 0 --threads 4 --compressed 0 -v 3 

[=================================================================] 378 0s 0ms
Time for merging to pref_rescore2: 0h 0m 0s 0ms
Time for processing: 0h 0m 0s 1ms
align data/processed/aux_pan_gvpa_staging/clustering/tmp_95/15919101460949215612/clu_tmp/5954115689821639555/linclust/9232733019351090882/input_step_redundancy data/processed/aux_pan_gvpa_staging/clustering/tmp_95/15919101460949215612/clu_tmp/5954115689821639555/linclust/9232733019351090882/input_step_redundancy data/processed/aux_pan_gvpa_staging/clustering/tmp_95/15919101460949215612/clu_tmp/5954115689821639555/linclust/9232733019351090882/pref_rescore2 data/processed/aux_pan_gvpa_staging/clustering/tmp_95/15919101460949215612/clu_tmp/5954115689821639555/linclust/9232733019351090882/aln --sub-mat 'aa:blosum62.out,nucl:nucleotide.out' -a 0 --alignment-mode 3 --alignment-output-mode 0 --wrapped-scoring 0 -e 0.001 --min-seq-id 0.95 --min-aln-len 0 --seq-id-mode 0 --alt-ali 0 -c 0.8 --cov-mode 0 --max-seq-len 65535 --comp-bias-corr 0 --comp-bias-corr-scale 1 --max-rejected 2147483647 --max-accept 2147483647 --add-self-matches 0 --db-load-mode 0 --pca substitution:1.100,context:1.400 --pcb substitution:4.100,context:5.800 --score-bias 0 --realign 0 --realign-score-bias -0.2 --realign-max-seqs 2147483647 --corr-score-weight 0 --gap-open aa:11,nucl:5 --gap-extend aa:1,nucl:2 --zdrop 40 --threads 4 --compressed 0 -v 3 

Compute score, coverage and sequence identity
Query database size: 378 type: Aminoacid
Target database size: 378 type: Aminoacid
Calculation of alignments
[=================================================================] 378 0s 1ms
Time for merging to aln: 0h 0m 0s 0ms
529 alignments calculated
405 sequence pairs passed the thresholds (0.765595 of overall calculated)
1.071429 hits per query sequence
Time for processing: 0h 0m 0s 2ms
clust data/processed/aux_pan_gvpa_staging/clustering/tmp_95/15919101460949215612/clu_tmp/5954115689821639555/linclust/9232733019351090882/input_step_redundancy data/processed/aux_pan_gvpa_staging/clustering/tmp_95/15919101460949215612/clu_tmp/5954115689821639555/linclust/9232733019351090882/aln data/processed/aux_pan_gvpa_staging/clustering/tmp_95/15919101460949215612/clu_tmp/5954115689821639555/linclust/9232733019351090882/clust --cluster-mode 0 --max-iterations 1000 --similarity-type 2 --threads 4 --compressed 0 -v 3 --cluster-weight-threshold 0.9 

Clustering mode: Set Cover
[=================================================================] 378 0s 0ms
Sort entries
Find missing connections
Found 27 new connections.
Reconstruct initial order
[=================================================================] 378 0s 0ms
Add missing connections
[=================================================================] 378 0s 0ms

Time for read in: 0h 0m 0s 0ms
Total time: 0h 0m 0s 0ms

Size of the sequence database: 378
Size of the alignment database: 378
Number of clusters: 355

Writing results 0h 0m 0s 0ms
Time for merging to clust: 0h 0m 0s 0ms
Time for processing: 0h 0m 0s 1ms
mergeclusters data/processed/aux_pan_gvpa_staging/clustering/tmp_95/15919101460949215612/input data/processed/aux_pan_gvpa_staging/clustering/tmp_95/15919101460949215612/clu_tmp/5954115689821639555/clu_redundancy data/processed/aux_pan_gvpa_staging/clustering/tmp_95/15919101460949215612/clu_tmp/5954115689821639555/linclust/9232733019351090882/pre_clust data/processed/aux_pan_gvpa_staging/clustering/tmp_95/15919101460949215612/clu_tmp/5954115689821639555/linclust/9232733019351090882/clust --threads 4 --compressed 0 -v 3 

Clustering step 1
[=================================================================] 378 0s 0ms
Clustering step 2
[=================================================================] 355 0s 0ms
Write merged clustering
[=================================================================] 550 0s 0ms
Time for merging to clu_redundancy: 0h 0m 0s 0ms
Time for processing: 0h 0m 0s 2ms
rmdb data/processed/aux_pan_gvpa_staging/clustering/tmp_95/15919101460949215612/clu_tmp/5954115689821639555/linclust/9232733019351090882/pref_filter1 -v 3 

Time for processing: 0h 0m 0s 0ms
rmdb data/processed/aux_pan_gvpa_staging/clustering/tmp_95/15919101460949215612/clu_tmp/5954115689821639555/linclust/9232733019351090882/pref -v 3 

Time for processing: 0h 0m 0s 0ms
rmdb data/processed/aux_pan_gvpa_staging/clustering/tmp_95/15919101460949215612/clu_tmp/5954115689821639555/linclust/9232733019351090882/pref_rescore1 -v 3 

Time for processing: 0h 0m 0s 0ms
rmdb data/processed/aux_pan_gvpa_staging/clustering/tmp_95/15919101460949215612/clu_tmp/5954115689821639555/linclust/9232733019351090882/pre_clust -v 3 

Time for processing: 0h 0m 0s 0ms
rmdb data/processed/aux_pan_gvpa_staging/clustering/tmp_95/15919101460949215612/clu_tmp/5954115689821639555/linclust/9232733019351090882/input_step_redundancy -v 3 

Time for processing: 0h 0m 0s 0ms
rmdb data/processed/aux_pan_gvpa_staging/clustering/tmp_95/15919101460949215612/clu_tmp/5954115689821639555/linclust/9232733019351090882/input_step_redundancy_h -v 3 

Time for processing: 0h 0m 0s 0ms
rmdb data/processed/aux_pan_gvpa_staging/clustering/tmp_95/15919101460949215612/clu_tmp/5954115689821639555/linclust/9232733019351090882/pref_filter2 -v 3 

Time for processing: 0h 0m 0s 0ms
rmdb data/processed/aux_pan_gvpa_staging/clustering/tmp_95/15919101460949215612/clu_tmp/5954115689821639555/linclust/9232733019351090882/pref_rescore2 -v 3 

Time for processing: 0h 0m 0s 0ms
rmdb data/processed/aux_pan_gvpa_staging/clustering/tmp_95/15919101460949215612/clu_tmp/5954115689821639555/linclust/9232733019351090882/aln -v 3 

Time for processing: 0h 0m 0s 0ms
rmdb data/processed/aux_pan_gvpa_staging/clustering/tmp_95/15919101460949215612/clu_tmp/5954115689821639555/linclust/9232733019351090882/clust -v 3 

Time for processing: 0h 0m 0s 0ms
createsubdb data/processed/aux_pan_gvpa_staging/clustering/tmp_95/15919101460949215612/clu_tmp/5954115689821639555/clu_redundancy data/processed/aux_pan_gvpa_staging/clustering/tmp_95/15919101460949215612/input data/processed/aux_pan_gvpa_staging/clustering/tmp_95/15919101460949215612/clu_tmp/5954115689821639555/input_step_redundancy -v 3 --subdb-mode 1 

Time for merging to input_step_redundancy: 0h 0m 0s 0ms
Time for processing: 0h 0m 0s 1ms
prefilter data/processed/aux_pan_gvpa_staging/clustering/tmp_95/15919101460949215612/clu_tmp/5954115689821639555/input_step_redundancy data/processed/aux_pan_gvpa_staging/clustering/tmp_95/15919101460949215612/clu_tmp/5954115689821639555/input_step_redundancy data/processed/aux_pan_gvpa_staging/clustering/tmp_95/15919101460949215612/clu_tmp/5954115689821639555/pref_step0 --sub-mat 'aa:blosum62.out,nucl:nucleotide.out' --seed-sub-mat 'aa:VTML80.out,nucl:nucleotide.out' -s 1 -k 0 --target-search-mode 0 --k-score seq:2147483647,prof:2147483647 --alph-size aa:21,nucl:5 --max-seq-len 65535 --max-seqs 20 --split 0 --split-mode 2 --split-memory-limit 0 -c 0.8 --cov-mode 0 --comp-bias-corr 0 --comp-bias-corr-scale 1 --diag-score 0 --exact-kmer-matching 0 --mask 1 --mask-prob 0.9 --mask-lower-case 0 --mask-n-repeat 0 --min-ungapped-score 0 --add-self-matches 0 --spaced-kmer-mode 1 --db-load-mode 0 --pca substitution:1.100,context:1.400 --pcb substitution:4.100,context:5.800 --threads 4 --compressed 0 -v 3 

Query database size: 355 type: Aminoacid
Estimated memory consumption: 978M
Target database size: 355 type: Aminoacid
Index table k-mer threshold: 154 at k-mer size 6 
Index table: counting k-mers
[=================================================================] 355 0s 1ms
Index table: Masked residues: 55
Index table: fill
[=================================================================] 355 0s 0ms
Index statistics
Entries:          4630
DB size:          488 MB
Avg k-mer size:   0.000072
Top 10 k-mers
    RIDGID	265
    WLYEGL	159
    ASDWYA	157
    TWRAVG	154
    RVISTW	149
    VDWREA	136
    YAAGRD	130
    IDWRVV	80
    DKVIWA	76
    VDFHEE	71
Time for index table init: 0h 0m 0s 329ms
Process prefiltering step 1 of 1

k-mer similarity threshold: 154
Starting prefiltering scores calculation (step 1 of 1)
Query db start 1 to 355
Target db start 1 to 355
[=================================================================] 355 0s 5ms

0.274660 k-mers per position
747 DB matches per sequence
0 overflows
19 sequences passed prefiltering per query sequence
20 median result list length
0 sequences with 0 size result lists
Time for merging to pref_step0: 0h 0m 0s 0ms
Time for processing: 0h 0m 0s 754ms
align data/processed/aux_pan_gvpa_staging/clustering/tmp_95/15919101460949215612/clu_tmp/5954115689821639555/input_step_redundancy data/processed/aux_pan_gvpa_staging/clustering/tmp_95/15919101460949215612/clu_tmp/5954115689821639555/input_step_redundancy data/processed/aux_pan_gvpa_staging/clustering/tmp_95/15919101460949215612/clu_tmp/5954115689821639555/pref_step0 data/processed/aux_pan_gvpa_staging/clustering/tmp_95/15919101460949215612/clu_tmp/5954115689821639555/aln_step0 --sub-mat 'aa:blosum62.out,nucl:nucleotide.out' -a 0 --alignment-mode 3 --alignment-output-mode 0 --wrapped-scoring 0 -e 0.001 --min-seq-id 0.95 --min-aln-len 0 --seq-id-mode 0 --alt-ali 0 -c 0.8 --cov-mode 0 --max-seq-len 65535 --comp-bias-corr 0 --comp-bias-corr-scale 1 --max-rejected 2147483647 --max-accept 2147483647 --add-self-matches 0 --db-load-mode 0 --pca substitution:1.100,context:1.400 --pcb substitution:4.100,context:5.800 --score-bias 0 --realign 0 --realign-score-bias -0.2 --realign-max-seqs 2147483647 --corr-score-weight 0 --gap-open aa:11,nucl:5 --gap-extend aa:1,nucl:2 --zdrop 40 --threads 4 --compressed 0 -v 3 

Compute score, coverage and sequence identity
Query database size: 355 type: Aminoacid
Target database size: 355 type: Aminoacid
Calculation of alignments
[=================================================================] 355 0s 46ms
Time for merging to aln_step0: 0h 0m 0s 0ms
6769 alignments calculated
498 sequence pairs passed the thresholds (0.073571 of overall calculated)
1.402817 hits per query sequence
Time for processing: 0h 0m 0s 47ms
clust data/processed/aux_pan_gvpa_staging/clustering/tmp_95/15919101460949215612/clu_tmp/5954115689821639555/input_step_redundancy data/processed/aux_pan_gvpa_staging/clustering/tmp_95/15919101460949215612/clu_tmp/5954115689821639555/aln_step0 data/processed/aux_pan_gvpa_staging/clustering/tmp_95/15919101460949215612/clu_tmp/5954115689821639555/clu_step0 --cluster-mode 0 --max-iterations 1000 --similarity-type 2 --threads 4 --compressed 0 -v 3 --cluster-weight-threshold 0.9 

Clustering mode: Set Cover
[=================================================================] 355 0s 0ms
Sort entries
Find missing connections
Found 13 new connections.
Reconstruct initial order
[=================================================================] 355 0s 0ms
Add missing connections
[=================================================================] 355 0s 0ms

Time for read in: 0h 0m 0s 1ms
Total time: 0h 0m 0s 1ms

Size of the sequence database: 355
Size of the alignment database: 355
Number of clusters: 302

Writing results 0h 0m 0s 0ms
Time for merging to clu_step0: 0h 0m 0s 0ms
Time for processing: 0h 0m 0s 2ms
mergeclusters data/processed/aux_pan_gvpa_staging/clustering/tmp_95/15919101460949215612/input data/processed/aux_pan_gvpa_staging/clustering/tmp_95/15919101460949215612/clu data/processed/aux_pan_gvpa_staging/clustering/tmp_95/15919101460949215612/clu_tmp/5954115689821639555/clu_redundancy data/processed/aux_pan_gvpa_staging/clustering/tmp_95/15919101460949215612/clu_tmp/5954115689821639555/clu_step0 --threads 4 --compressed 0 -v 3 

Clustering step 1
[=================================================================] 355 0s 0ms
Clustering step 2
[=================================================================] 302 0s 0ms
Write merged clustering
[=================================================================] 550 0s 1ms
Time for merging to clu: 0h 0m 0s 0ms
Time for processing: 0h 0m 0s 1ms
rmdb data/processed/aux_pan_gvpa_staging/clustering/tmp_95/15919101460949215612/clu_tmp/5954115689821639555/clu_redundancy -v 3 

Time for processing: 0h 0m 0s 0ms
rmdb data/processed/aux_pan_gvpa_staging/clustering/tmp_95/15919101460949215612/clu_tmp/5954115689821639555/input_step_redundancy -v 3 

Time for processing: 0h 0m 0s 0ms
rmdb data/processed/aux_pan_gvpa_staging/clustering/tmp_95/15919101460949215612/clu_tmp/5954115689821639555/input_step_redundancy_h -v 3 

Time for processing: 0h 0m 0s 0ms
rmdb data/processed/aux_pan_gvpa_staging/clustering/tmp_95/15919101460949215612/clu_tmp/5954115689821639555/pref_step0 -v 3 

Time for processing: 0h 0m 0s 0ms
rmdb data/processed/aux_pan_gvpa_staging/clustering/tmp_95/15919101460949215612/clu_tmp/5954115689821639555/aln_step0 -v 3 

Time for processing: 0h 0m 0s 0ms
rmdb data/processed/aux_pan_gvpa_staging/clustering/tmp_95/15919101460949215612/clu_tmp/5954115689821639555/clu_step0 -v 3 

Time for processing: 0h 0m 0s 0ms
createtsv data/processed/aux_pan_gvpa_staging/clustering/tmp_95/15919101460949215612/input data/processed/aux_pan_gvpa_staging/clustering/tmp_95/15919101460949215612/input data/processed/aux_pan_gvpa_staging/clustering/tmp_95/15919101460949215612/clu data/processed/aux_pan_gvpa_staging/clustering/tmp_95/15919101460949215612/cluster.tsv --threads 4 -v 3 

Time for merging to cluster.tsv: 0h 0m 0s 0ms
Time for processing: 0h 0m 0s 2ms
result2repseq data/processed/aux_pan_gvpa_staging/clustering/tmp_95/15919101460949215612/input data/processed/aux_pan_gvpa_staging/clustering/tmp_95/15919101460949215612/clu data/processed/aux_pan_gvpa_staging/clustering/tmp_95/15919101460949215612/clu_rep --db-load-mode 0 --compressed 0 --threads 4 -v 3 

[=================================================================] 302 0s 0ms
Time for merging to clu_rep: 0h 0m 0s 0ms
Time for processing: 0h 0m 0s 2ms
result2flat data/processed/aux_pan_gvpa_staging/clustering/tmp_95/15919101460949215612/input data/processed/aux_pan_gvpa_staging/clustering/tmp_95/15919101460949215612/input data/processed/aux_pan_gvpa_staging/clustering/tmp_95/15919101460949215612/clu_rep data/processed/aux_pan_gvpa_staging/clustering/tmp_95/15919101460949215612/rep_seq.fasta --use-fasta-header -v 3 

Time for processing: 0h 0m 0s 0ms
createseqfiledb data/processed/aux_pan_gvpa_staging/clustering/tmp_95/15919101460949215612/input data/processed/aux_pan_gvpa_staging/clustering/tmp_95/15919101460949215612/clu data/processed/aux_pan_gvpa_staging/clustering/tmp_95/15919101460949215612/clu_seqs --threads 4 -v 3 

[=================================================================] 302 0s 0ms
Time for merging to clu_seqs: 0h 0m 0s 0ms
Time for processing: 0h 0m 0s 1ms
result2flat data/processed/aux_pan_gvpa_staging/clustering/tmp_95/15919101460949215612/input data/processed/aux_pan_gvpa_staging/clustering/tmp_95/15919101460949215612/input data/processed/aux_pan_gvpa_staging/clustering/tmp_95/15919101460949215612/clu_seqs data/processed/aux_pan_gvpa_staging/clustering/tmp_95/15919101460949215612/all_seqs.fasta -v 3 

Time for processing: 0h 0m 0s 0ms
rmdb data/processed/aux_pan_gvpa_staging/clustering/tmp_95/15919101460949215612/input -v 3 

Time for processing: 0h 0m 0s 0ms
rmdb data/processed/aux_pan_gvpa_staging/clustering/tmp_95/15919101460949215612/input_h -v 3 

Time for processing: 0h 0m 0s 0ms
rmdb data/processed/aux_pan_gvpa_staging/clustering/tmp_95/15919101460949215612/clu_seqs -v 3 

Time for processing: 0h 0m 0s 0ms
rmdb data/processed/aux_pan_gvpa_staging/clustering/tmp_95/15919101460949215612/clu_rep -v 3 

Time for processing: 0h 0m 0s 0ms
rmdb data/processed/aux_pan_gvpa_staging/clustering/tmp_95/15919101460949215612/clu -v 3 

Time for processing: 0h 0m 0s 0ms
Create directory data/processed/aux_pan_gvpa_staging/clustering/tmp_90
easy-cluster data/processed/aux_pan_gvpa_staging/leakage/safe.fasta data/processed/aux_pan_gvpa_staging/clustering/mmseqs_90 data/processed/aux_pan_gvpa_staging/clustering/tmp_90 --min-seq-id 0.90 -c 0.8 --cov-mode 0 --threads 4 

MMseqs Version:                     	18.8cc5c
Substitution matrix                 	aa:blosum62.out,nucl:nucleotide.out
Seed substitution matrix            	aa:VTML80.out,nucl:nucleotide.out
Sensitivity                         	4
k-mer length                        	0
Target search mode                  	0
k-score                             	seq:2147483647,prof:2147483647
Alphabet size                       	aa:21,nucl:5
Max sequence length                 	65535
Max results per query               	20
Split database                      	0
Split mode                          	2
Split memory limit                  	0
Coverage threshold                  	0.8
Coverage mode                       	0
Compositional bias                  	1
Compositional bias scale            	1
Diagonal scoring                    	true
Exact k-mer matching                	0
Mask residues                       	1
Mask residues probability           	0.9
Mask lower case residues            	0
Mask lower letter repeating N times 	0
Minimum diagonal score              	15
Selected taxa                       	
Include identical seq. id.          	false
Spaced k-mers                       	1
Preload mode                        	0
Pseudo count a                      	substitution:1.100,context:1.400
Pseudo count b                      	substitution:4.100,context:5.800
Spaced k-mer pattern                	
Local temporary path                	
Threads                             	4
Compressed                          	0
Verbosity                           	3
Add backtrace                       	false
Alignment mode                      	3
Alignment mode                      	0
Allow wrapped scoring               	false
E-value threshold                   	0.001
Seq. id. threshold                  	0.9
Min alignment length                	0
Seq. id. mode                       	0
Alternative alignments              	0
Max reject                          	2147483647
Max accept                          	2147483647
Score bias                          	0
Realign hits                        	false
Realign score bias                  	-0.2
Realign max seqs                    	2147483647
Correlation score weight            	0
Gap open cost                       	aa:11,nucl:5
Gap extension cost                  	aa:1,nucl:2
Zdrop                               	40
Rescore mode                        	0
Remove hits by seq. id. and coverage	false
Sort results                        	0
Cluster mode                        	0
Max connected component depth       	1000
Similarity type                     	2
Weight file name                    	
Cluster Weight threshold            	0.9
Single step clustering              	false
Cascaded clustering steps           	3
Cluster reassign                    	false
Remove temporary files              	true
Force restart with latest tmp       	false
MPI runner                          	
k-mers per sequence                 	21
Scale k-mers per sequence           	aa:0.000,nucl:0.200
Adjust k-mer length                 	false
Shift hash                          	67
Include only extendable             	false
Skip repeating k-mers               	false
Database type                       	0
Shuffle input database              	true
Createdb mode                       	1
Write lookup file                   	0
Offset of numeric ids               	0
Use GPU                             	0

createdb data/processed/aux_pan_gvpa_staging/leakage/safe.fasta data/processed/aux_pan_gvpa_staging/clustering/tmp_90/9844281640029068509/input --createdb-mode 1 --write-lookup 0 --threads 4 

Shuffle database cannot be combined with --createdb-mode 1
We recompute with --shuffle 0
Converting sequences
[Multiline fasta can not be combined with --createdb-mode 0
We recompute with --createdb-mode 1
Time for merging to input_h: 0h 0m 0s 0ms
Time for merging to input: 0h 0m 0s 0ms
[
Time for merging to input_h: 0h 0m 0s 0ms
Time for merging to input: 0h 0m 0s 0ms
Database type: Aminoacid
Time for processing: 0h 0m 0s 1ms
Create directory data/processed/aux_pan_gvpa_staging/clustering/tmp_90/9844281640029068509/clu_tmp
cluster data/processed/aux_pan_gvpa_staging/clustering/tmp_90/9844281640029068509/input data/processed/aux_pan_gvpa_staging/clustering/tmp_90/9844281640029068509/clu data/processed/aux_pan_gvpa_staging/clustering/tmp_90/9844281640029068509/clu_tmp --max-seqs 20 -c 0.8 --cov-mode 0 --spaced-kmer-mode 1 --threads 4 --alignment-mode 3 -e 0.001 --min-seq-id 0.9 --remove-tmp-files 1 

Set cluster sensitivity to -s 1.000000
Set cluster mode SET COVER
Set cluster iterations to 1
linclust data/processed/aux_pan_gvpa_staging/clustering/tmp_90/9844281640029068509/input data/processed/aux_pan_gvpa_staging/clustering/tmp_90/9844281640029068509/clu_tmp/5955681576048689019/clu_redundancy data/processed/aux_pan_gvpa_staging/clustering/tmp_90/9844281640029068509/clu_tmp/5955681576048689019/linclust --cluster-mode 0 --max-iterations 1000 --similarity-type 2 --threads 4 --compressed 0 -v 3 --cluster-weight-threshold 0.9 --sub-mat 'aa:blosum62.out,nucl:nucleotide.out' -a 0 --alignment-mode 3 --alignment-output-mode 0 --wrapped-scoring 0 -e 0.001 --min-seq-id 0.9 --min-aln-len 0 --seq-id-mode 0 --alt-ali 0 -c 0.8 --cov-mode 0 --max-seq-len 65535 --comp-bias-corr 0 --comp-bias-corr-scale 1 --max-rejected 2147483647 --max-accept 2147483647 --add-self-matches 0 --db-load-mode 0 --pca substitution:1.100,context:1.400 --pcb substitution:4.100,context:5.800 --score-bias 0 --realign 0 --realign-score-bias -0.2 --realign-max-seqs 2147483647 --corr-score-weight 0 --gap-open aa:11,nucl:5 --gap-extend aa:1,nucl:2 --zdrop 40 --alph-size aa:13,nucl:5 --kmer-per-seq 21 --spaced-kmer-mode 1 --kmer-per-seq-scale aa:0.000,nucl:0.200 --adjust-kmer-len 0 --mask 0 --mask-prob 0.9 --mask-lower-case 0 --mask-n-repeat 0 -k 0 --hash-shift 67 --split-memory-limit 0 --include-only-extendable 0 --ignore-multi-kmer 0 --rescore-mode 0 --filter-hits 0 --sort-results 0 --remove-tmp-files 1 --force-reuse 0 

kmermatcher data/processed/aux_pan_gvpa_staging/clustering/tmp_90/9844281640029068509/input data/processed/aux_pan_gvpa_staging/clustering/tmp_90/9844281640029068509/clu_tmp/5955681576048689019/linclust/1762901358809440046/pref --sub-mat 'aa:blosum62.out,nucl:nucleotide.out' --alph-size aa:13,nucl:5 --min-seq-id 0.9 --kmer-per-seq 21 --spaced-kmer-mode 1 --kmer-per-seq-scale aa:0.000,nucl:0.200 --adjust-kmer-len 0 --mask 0 --mask-prob 0.9 --mask-lower-case 0 --mask-n-repeat 0 --cov-mode 0 -k 0 -c 0.8 --max-seq-len 65535 --hash-shift 67 --split-memory-limit 0 --include-only-extendable 0 --ignore-multi-kmer 0 --threads 4 --compressed 0 -v 3 --cluster-weight-threshold 0.9 

kmermatcher data/processed/aux_pan_gvpa_staging/clustering/tmp_90/9844281640029068509/input data/processed/aux_pan_gvpa_staging/clustering/tmp_90/9844281640029068509/clu_tmp/5955681576048689019/linclust/1762901358809440046/pref --sub-mat 'aa:blosum62.out,nucl:nucleotide.out' --alph-size aa:13,nucl:5 --min-seq-id 0.9 --kmer-per-seq 21 --spaced-kmer-mode 1 --kmer-per-seq-scale aa:0.000,nucl:0.200 --adjust-kmer-len 0 --mask 0 --mask-prob 0.9 --mask-lower-case 0 --mask-n-repeat 0 --cov-mode 0 -k 0 -c 0.8 --max-seq-len 65535 --hash-shift 67 --split-memory-limit 0 --include-only-extendable 0 --ignore-multi-kmer 0 --threads 4 --compressed 0 -v 3 --cluster-weight-threshold 0.9 

Database size: 550 type: Aminoacid
Reduced amino acid alphabet: (A S T) (C) (D B N) (E Q Z) (F Y) (G) (H) (I V) (K R) (L J M) (P) (W) (X) 

Generate k-mers list for 1 split
[=================================================================] 550 0s 1ms
Sort kmer 0h 0m 0s 0ms
Sort by rep. sequence 0h 0m 0s 0ms
Time for fill: 0h 0m 0s 0ms
Time for merging to pref: 0h 0m 0s 0ms
Time for processing: 0h 0m 0s 6ms
rescorediagonal data/processed/aux_pan_gvpa_staging/clustering/tmp_90/9844281640029068509/input data/processed/aux_pan_gvpa_staging/clustering/tmp_90/9844281640029068509/input data/processed/aux_pan_gvpa_staging/clustering/tmp_90/9844281640029068509/clu_tmp/5955681576048689019/linclust/1762901358809440046/pref data/processed/aux_pan_gvpa_staging/clustering/tmp_90/9844281640029068509/clu_tmp/5955681576048689019/linclust/1762901358809440046/pref_rescore1 --sub-mat 'aa:blosum62.out,nucl:nucleotide.out' --rescore-mode 0 --wrapped-scoring 0 --filter-hits 0 -e 0.001 -c 0.8 -a 0 --cov-mode 0 --min-seq-id 0.9 --min-aln-len 0 --seq-id-mode 0 --add-self-matches 0 --sort-results 0 --db-load-mode 0 --threads 4 --compressed 0 -v 3 

[===============================================================] ==550 0s 0ms
Time for merging to pref_rescore1: 0h 0m 0s 0ms
Time for processing: 0h 0m 0s 1ms
clust data/processed/aux_pan_gvpa_staging/clustering/tmp_90/9844281640029068509/input data/processed/aux_pan_gvpa_staging/clustering/tmp_90/9844281640029068509/clu_tmp/5955681576048689019/linclust/1762901358809440046/pref_rescore1 data/processed/aux_pan_gvpa_staging/clustering/tmp_90/9844281640029068509/clu_tmp/5955681576048689019/linclust/1762901358809440046/pre_clust --cluster-mode 0 --max-iterations 1000 --similarity-type 2 --threads 4 --compressed 0 -v 3 --cluster-weight-threshold 0.9 

Clustering mode: Set Cover
[=================================================================] 550 0s 0ms
Sort entries
Find missing connections
Found 491 new connections.
Reconstruct initial order
[=================================================================] 550 0s 0ms
Add missing connections
[=================================================================] 550 0s 0ms

Time for read in: 0h 0m 0s 1ms
Total time: 0h 0m 0s 1ms

Size of the sequence database: 550
Size of the alignment database: 550
Number of clusters: 279

Writing results 0h 0m 0s 0ms
Time for merging to pre_clust: 0h 0m 0s 0ms
Time for processing: 0h 0m 0s 1ms
createsubdb data/processed/aux_pan_gvpa_staging/clustering/tmp_90/9844281640029068509/clu_tmp/5955681576048689019/linclust/1762901358809440046/order_redundancy data/processed/aux_pan_gvpa_staging/clustering/tmp_90/9844281640029068509/input data/processed/aux_pan_gvpa_staging/clustering/tmp_90/9844281640029068509/clu_tmp/5955681576048689019/linclust/1762901358809440046/input_step_redundancy -v 3 --subdb-mode 1 

Time for merging to input_step_redundancy: 0h 0m 0s 0ms
Time for processing: 0h 0m 0s 1ms
createsubdb data/processed/aux_pan_gvpa_staging/clustering/tmp_90/9844281640029068509/clu_tmp/5955681576048689019/linclust/1762901358809440046/order_redundancy data/processed/aux_pan_gvpa_staging/clustering/tmp_90/9844281640029068509/clu_tmp/5955681576048689019/linclust/1762901358809440046/pref data/processed/aux_pan_gvpa_staging/clustering/tmp_90/9844281640029068509/clu_tmp/5955681576048689019/linclust/1762901358809440046/pref_filter1 -v 3 --subdb-mode 1 

Time for merging to pref_filter1: 0h 0m 0s 0ms
Time for processing: 0h 0m 0s 0ms
filterdb data/processed/aux_pan_gvpa_staging/clustering/tmp_90/9844281640029068509/clu_tmp/5955681576048689019/linclust/1762901358809440046/pref_filter1 data/processed/aux_pan_gvpa_staging/clustering/tmp_90/9844281640029068509/clu_tmp/5955681576048689019/linclust/1762901358809440046/pref_filter2 --filter-file data/processed/aux_pan_gvpa_staging/clustering/tmp_90/9844281640029068509/clu_tmp/5955681576048689019/linclust/1762901358809440046/order_redundancy --threads 4 --compressed 0 -v 3 

Filtering using file(s)
[=================================================================] 279 0s 0ms
Time for merging to pref_filter2: 0h 0m 0s 0ms
Time for processing: 0h 0m 0s 1ms
rescorediagonal data/processed/aux_pan_gvpa_staging/clustering/tmp_90/9844281640029068509/clu_tmp/5955681576048689019/linclust/1762901358809440046/input_step_redundancy data/processed/aux_pan_gvpa_staging/clustering/tmp_90/9844281640029068509/clu_tmp/5955681576048689019/linclust/1762901358809440046/input_step_redundancy data/processed/aux_pan_gvpa_staging/clustering/tmp_90/9844281640029068509/clu_tmp/5955681576048689019/linclust/1762901358809440046/pref_filter2 data/processed/aux_pan_gvpa_staging/clustering/tmp_90/9844281640029068509/clu_tmp/5955681576048689019/linclust/1762901358809440046/pref_rescore2 --sub-mat 'aa:blosum62.out,nucl:nucleotide.out' --rescore-mode 1 --wrapped-scoring 0 --filter-hits 1 -e 0.001 -c 0.8 -a 0 --cov-mode 0 --min-seq-id 0.9 --min-aln-len 0 --seq-id-mode 0 --add-self-matches 0 --sort-results 0 --db-load-mode 0 --threads 4 --compressed 0 -v 3 

[=================================================================] 279 0s 0ms
Time for merging to pref_rescore2: 0h 0m 0s 0ms
Time for processing: 0h 0m 0s 2ms
align data/processed/aux_pan_gvpa_staging/clustering/tmp_90/9844281640029068509/clu_tmp/5955681576048689019/linclust/1762901358809440046/input_step_redundancy data/processed/aux_pan_gvpa_staging/clustering/tmp_90/9844281640029068509/clu_tmp/5955681576048689019/linclust/1762901358809440046/input_step_redundancy data/processed/aux_pan_gvpa_staging/clustering/tmp_90/9844281640029068509/clu_tmp/5955681576048689019/linclust/1762901358809440046/pref_rescore2 data/processed/aux_pan_gvpa_staging/clustering/tmp_90/9844281640029068509/clu_tmp/5955681576048689019/linclust/1762901358809440046/aln --sub-mat 'aa:blosum62.out,nucl:nucleotide.out' -a 0 --alignment-mode 3 --alignment-output-mode 0 --wrapped-scoring 0 -e 0.001 --min-seq-id 0.9 --min-aln-len 0 --seq-id-mode 0 --alt-ali 0 -c 0.8 --cov-mode 0 --max-seq-len 65535 --comp-bias-corr 0 --comp-bias-corr-scale 1 --max-rejected 2147483647 --max-accept 2147483647 --add-self-matches 0 --db-load-mode 0 --pca substitution:1.100,context:1.400 --pcb substitution:4.100,context:5.800 --score-bias 0 --realign 0 --realign-score-bias -0.2 --realign-max-seqs 2147483647 --corr-score-weight 0 --gap-open aa:11,nucl:5 --gap-extend aa:1,nucl:2 --zdrop 40 --threads 4 --compressed 0 -v 3 

Compute score, coverage and sequence identity
Query database size: 279 type: Aminoacid
Target database size: 279 type: Aminoacid
Calculation of alignments
[=================================================================] 279 0s 5ms
Time for merging to aln: 0h 0m 0s 0ms
1204 alignments calculated
347 sequence pairs passed the thresholds (0.288206 of overall calculated)
1.243728 hits per query sequence
Time for processing: 0h 0m 0s 6ms
clust data/processed/aux_pan_gvpa_staging/clustering/tmp_90/9844281640029068509/clu_tmp/5955681576048689019/linclust/1762901358809440046/input_step_redundancy data/processed/aux_pan_gvpa_staging/clustering/tmp_90/9844281640029068509/clu_tmp/5955681576048689019/linclust/1762901358809440046/aln data/processed/aux_pan_gvpa_staging/clustering/tmp_90/9844281640029068509/clu_tmp/5955681576048689019/linclust/1762901358809440046/clust --cluster-mode 0 --max-iterations 1000 --similarity-type 2 --threads 4 --compressed 0 -v 3 --cluster-weight-threshold 0.9 

Clustering mode: Set Cover
[=================================================================] 279 0s 0ms
Sort entries
Find missing connections
Found 68 new connections.
Reconstruct initial order
[=================================================================] 279 0s 0ms
Add missing connections
[=================================================================] 279 0s 0ms

Time for read in: 0h 0m 0s 1ms
Total time: 0h 0m 0s 1ms

Size of the sequence database: 279
Size of the alignment database: 279
Number of clusters: 228

Writing results 0h 0m 0s 0ms
Time for merging to clust: 0h 0m 0s 0ms
Time for processing: 0h 0m 0s 2ms
mergeclusters data/processed/aux_pan_gvpa_staging/clustering/tmp_90/9844281640029068509/input data/processed/aux_pan_gvpa_staging/clustering/tmp_90/9844281640029068509/clu_tmp/5955681576048689019/clu_redundancy data/processed/aux_pan_gvpa_staging/clustering/tmp_90/9844281640029068509/clu_tmp/5955681576048689019/linclust/1762901358809440046/pre_clust data/processed/aux_pan_gvpa_staging/clustering/tmp_90/9844281640029068509/clu_tmp/5955681576048689019/linclust/1762901358809440046/clust --threads 4 --compressed 0 -v 3 

Clustering step 1
[=================================================================] 279 0s 0ms
Clustering step 2
[=================================================================] 228 0s 0ms
Write merged clustering
[=================================================================] 550 0s 1ms
Time for merging to clu_redundancy: 0h 0m 0s 0ms
Time for processing: 0h 0m 0s 2ms
rmdb data/processed/aux_pan_gvpa_staging/clustering/tmp_90/9844281640029068509/clu_tmp/5955681576048689019/linclust/1762901358809440046/pref_filter1 -v 3 

Time for processing: 0h 0m 0s 0ms
rmdb data/processed/aux_pan_gvpa_staging/clustering/tmp_90/9844281640029068509/clu_tmp/5955681576048689019/linclust/1762901358809440046/pref -v 3 

Time for processing: 0h 0m 0s 0ms
rmdb data/processed/aux_pan_gvpa_staging/clustering/tmp_90/9844281640029068509/clu_tmp/5955681576048689019/linclust/1762901358809440046/pref_rescore1 -v 3 

Time for processing: 0h 0m 0s 0ms
rmdb data/processed/aux_pan_gvpa_staging/clustering/tmp_90/9844281640029068509/clu_tmp/5955681576048689019/linclust/1762901358809440046/pre_clust -v 3 

Time for processing: 0h 0m 0s 0ms
rmdb data/processed/aux_pan_gvpa_staging/clustering/tmp_90/9844281640029068509/clu_tmp/5955681576048689019/linclust/1762901358809440046/input_step_redundancy -v 3 

Time for processing: 0h 0m 0s 0ms
rmdb data/processed/aux_pan_gvpa_staging/clustering/tmp_90/9844281640029068509/clu_tmp/5955681576048689019/linclust/1762901358809440046/input_step_redundancy_h -v 3 

Time for processing: 0h 0m 0s 0ms
rmdb data/processed/aux_pan_gvpa_staging/clustering/tmp_90/9844281640029068509/clu_tmp/5955681576048689019/linclust/1762901358809440046/pref_filter2 -v 3 

Time for processing: 0h 0m 0s 0ms
rmdb data/processed/aux_pan_gvpa_staging/clustering/tmp_90/9844281640029068509/clu_tmp/5955681576048689019/linclust/1762901358809440046/pref_rescore2 -v 3 

Time for processing: 0h 0m 0s 0ms
rmdb data/processed/aux_pan_gvpa_staging/clustering/tmp_90/9844281640029068509/clu_tmp/5955681576048689019/linclust/1762901358809440046/aln -v 3 

Time for processing: 0h 0m 0s 0ms
rmdb data/processed/aux_pan_gvpa_staging/clustering/tmp_90/9844281640029068509/clu_tmp/5955681576048689019/linclust/1762901358809440046/clust -v 3 

Time for processing: 0h 0m 0s 0ms
createsubdb data/processed/aux_pan_gvpa_staging/clustering/tmp_90/9844281640029068509/clu_tmp/5955681576048689019/clu_redundancy data/processed/aux_pan_gvpa_staging/clustering/tmp_90/9844281640029068509/input data/processed/aux_pan_gvpa_staging/clustering/tmp_90/9844281640029068509/clu_tmp/5955681576048689019/input_step_redundancy -v 3 --subdb-mode 1 

Time for merging to input_step_redundancy: 0h 0m 0s 0ms
Time for processing: 0h 0m 0s 1ms
prefilter data/processed/aux_pan_gvpa_staging/clustering/tmp_90/9844281640029068509/clu_tmp/5955681576048689019/input_step_redundancy data/processed/aux_pan_gvpa_staging/clustering/tmp_90/9844281640029068509/clu_tmp/5955681576048689019/input_step_redundancy data/processed/aux_pan_gvpa_staging/clustering/tmp_90/9844281640029068509/clu_tmp/5955681576048689019/pref_step0 --sub-mat 'aa:blosum62.out,nucl:nucleotide.out' --seed-sub-mat 'aa:VTML80.out,nucl:nucleotide.out' -s 1 -k 0 --target-search-mode 0 --k-score seq:2147483647,prof:2147483647 --alph-size aa:21,nucl:5 --max-seq-len 65535 --max-seqs 20 --split 0 --split-mode 2 --split-memory-limit 0 -c 0.8 --cov-mode 0 --comp-bias-corr 0 --comp-bias-corr-scale 1 --diag-score 0 --exact-kmer-matching 0 --mask 1 --mask-prob 0.9 --mask-lower-case 0 --mask-n-repeat 0 --min-ungapped-score 0 --add-self-matches 0 --spaced-kmer-mode 1 --db-load-mode 0 --pca substitution:1.100,context:1.400 --pcb substitution:4.100,context:5.800 --threads 4 --compressed 0 -v 3 

Query database size: 228 type: Aminoacid
Estimated memory consumption: 977M
Target database size: 228 type: Aminoacid
Index table k-mer threshold: 154 at k-mer size 6 
Index table: counting k-mers
[=================================================================] 228 0s 0ms
Index table: Masked residues: 54
Index table: fill
[=================================================================] 228 0s 0ms
Index statistics
Entries:          3153
DB size:          488 MB
Avg k-mer size:   0.000049
Top 10 k-mers
    RIDGID	175
    ASDWYA	114
    WLYEGL	112
    TWRAVG	111
    RVISTW	109
    VDWREA	97
    YAAGRD	97
    IDWRVV	38
    DKVIWA	35
    LDGVVW	32
Time for index table init: 0h 0m 0s 317ms
Process prefiltering step 1 of 1

k-mer similarity threshold: 154
Starting prefiltering scores calculation (step 1 of 1)
Query db start 1 to 228
Target db start 1 to 228
[=================================================================] 228 0s 2ms

0.322649 k-mers per position
514 DB matches per sequence
0 overflows
19 sequences passed prefiltering per query sequence
20 median result list length
0 sequences with 0 size result lists
Time for merging to pref_step0: 0h 0m 0s 0ms
Time for processing: 0h 0m 0s 753ms
align data/processed/aux_pan_gvpa_staging/clustering/tmp_90/9844281640029068509/clu_tmp/5955681576048689019/input_step_redundancy data/processed/aux_pan_gvpa_staging/clustering/tmp_90/9844281640029068509/clu_tmp/5955681576048689019/input_step_redundancy data/processed/aux_pan_gvpa_staging/clustering/tmp_90/9844281640029068509/clu_tmp/5955681576048689019/pref_step0 data/processed/aux_pan_gvpa_staging/clustering/tmp_90/9844281640029068509/clu_tmp/5955681576048689019/aln_step0 --sub-mat 'aa:blosum62.out,nucl:nucleotide.out' -a 0 --alignment-mode 3 --alignment-output-mode 0 --wrapped-scoring 0 -e 0.001 --min-seq-id 0.9 --min-aln-len 0 --seq-id-mode 0 --alt-ali 0 -c 0.8 --cov-mode 0 --max-seq-len 65535 --comp-bias-corr 0 --comp-bias-corr-scale 1 --max-rejected 2147483647 --max-accept 2147483647 --add-self-matches 0 --db-load-mode 0 --pca substitution:1.100,context:1.400 --pcb substitution:4.100,context:5.800 --score-bias 0 --realign 0 --realign-score-bias -0.2 --realign-max-seqs 2147483647 --corr-score-weight 0 --gap-open aa:11,nucl:5 --gap-extend aa:1,nucl:2 --zdrop 40 --threads 4 --compressed 0 -v 3 

Compute score, coverage and sequence identity
Query database size: 228 type: Aminoacid
Target database size: 228 type: Aminoacid
Calculation of alignments
[=================================================================] 228 0s 33ms
Time for merging to aln_step0: 0h 0m 0s 0ms
4326 alignments calculated
410 sequence pairs passed the thresholds (0.094776 of overall calculated)
1.798246 hits per query sequence
Time for processing: 0h 0m 0s 35ms
clust data/processed/aux_pan_gvpa_staging/clustering/tmp_90/9844281640029068509/clu_tmp/5955681576048689019/input_step_redundancy data/processed/aux_pan_gvpa_staging/clustering/tmp_90/9844281640029068509/clu_tmp/5955681576048689019/aln_step0 data/processed/aux_pan_gvpa_staging/clustering/tmp_90/9844281640029068509/clu_tmp/5955681576048689019/clu_step0 --cluster-mode 0 --max-iterations 1000 --similarity-type 2 --threads 4 --compressed 0 -v 3 --cluster-weight-threshold 0.9 

Clustering mode: Set Cover
[=================================================================] 228 0s 0ms
Sort entries
Find missing connections
Found 36 new connections.
Reconstruct initial order
[=================================================================] 228 0s 0ms
Add missing connections
[=================================================================] 228 0s 0ms

Time for read in: 0h 0m 0s 1ms
Total time: 0h 0m 0s 1ms

Size of the sequence database: 228
Size of the alignment database: 228
Number of clusters: 168

Writing results 0h 0m 0s 0ms
Time for merging to clu_step0: 0h 0m 0s 0ms
Time for processing: 0h 0m 0s 2ms
mergeclusters data/processed/aux_pan_gvpa_staging/clustering/tmp_90/9844281640029068509/input data/processed/aux_pan_gvpa_staging/clustering/tmp_90/9844281640029068509/clu data/processed/aux_pan_gvpa_staging/clustering/tmp_90/9844281640029068509/clu_tmp/5955681576048689019/clu_redundancy data/processed/aux_pan_gvpa_staging/clustering/tmp_90/9844281640029068509/clu_tmp/5955681576048689019/clu_step0 --threads 4 --compressed 0 -v 3 

Clustering step 1
[=================================================================] 228 0s 0ms
Clustering step 2
[=================================================================] 168 0s 1ms
Write merged clustering
[=================================================================] 550 0s 1ms
Time for merging to clu: 0h 0m 0s 0ms
Time for processing: 0h 0m 0s 3ms
rmdb data/processed/aux_pan_gvpa_staging/clustering/tmp_90/9844281640029068509/clu_tmp/5955681576048689019/clu_redundancy -v 3 

Time for processing: 0h 0m 0s 0ms
rmdb data/processed/aux_pan_gvpa_staging/clustering/tmp_90/9844281640029068509/clu_tmp/5955681576048689019/input_step_redundancy -v 3 

Time for processing: 0h 0m 0s 0ms
rmdb data/processed/aux_pan_gvpa_staging/clustering/tmp_90/9844281640029068509/clu_tmp/5955681576048689019/input_step_redundancy_h -v 3 

Time for processing: 0h 0m 0s 0ms
rmdb data/processed/aux_pan_gvpa_staging/clustering/tmp_90/9844281640029068509/clu_tmp/5955681576048689019/pref_step0 -v 3 

Time for processing: 0h 0m 0s 0ms
rmdb data/processed/aux_pan_gvpa_staging/clustering/tmp_90/9844281640029068509/clu_tmp/5955681576048689019/aln_step0 -v 3 

Time for processing: 0h 0m 0s 0ms
rmdb data/processed/aux_pan_gvpa_staging/clustering/tmp_90/9844281640029068509/clu_tmp/5955681576048689019/clu_step0 -v 3 

Time for processing: 0h 0m 0s 0ms
createtsv data/processed/aux_pan_gvpa_staging/clustering/tmp_90/9844281640029068509/input data/processed/aux_pan_gvpa_staging/clustering/tmp_90/9844281640029068509/input data/processed/aux_pan_gvpa_staging/clustering/tmp_90/9844281640029068509/clu data/processed/aux_pan_gvpa_staging/clustering/tmp_90/9844281640029068509/cluster.tsv --threads 4 -v 3 

Time for merging to cluster.tsv: 0h 0m 0s 0ms
Time for processing: 0h 0m 0s 0ms
result2repseq data/processed/aux_pan_gvpa_staging/clustering/tmp_90/9844281640029068509/input data/processed/aux_pan_gvpa_staging/clustering/tmp_90/9844281640029068509/clu data/processed/aux_pan_gvpa_staging/clustering/tmp_90/9844281640029068509/clu_rep --db-load-mode 0 --compressed 0 --threads 4 -v 3 

[=================================================================] 168 0s 0ms
Time for merging to clu_rep: 0h 0m 0s 0ms
Time for processing: 0h 0m 0s 1ms
result2flat data/processed/aux_pan_gvpa_staging/clustering/tmp_90/9844281640029068509/input data/processed/aux_pan_gvpa_staging/clustering/tmp_90/9844281640029068509/input data/processed/aux_pan_gvpa_staging/clustering/tmp_90/9844281640029068509/clu_rep data/processed/aux_pan_gvpa_staging/clustering/tmp_90/9844281640029068509/rep_seq.fasta --use-fasta-header -v 3 

Time for processing: 0h 0m 0s 0ms
createseqfiledb data/processed/aux_pan_gvpa_staging/clustering/tmp_90/9844281640029068509/input data/processed/aux_pan_gvpa_staging/clustering/tmp_90/9844281640029068509/clu data/processed/aux_pan_gvpa_staging/clustering/tmp_90/9844281640029068509/clu_seqs --threads 4 -v 3 

[=================================================================] 168 0s 0ms
Time for merging to clu_seqs: 0h 0m 0s 0ms
Time for processing: 0h 0m 0s 1ms
result2flat data/processed/aux_pan_gvpa_staging/clustering/tmp_90/9844281640029068509/input data/processed/aux_pan_gvpa_staging/clustering/tmp_90/9844281640029068509/input data/processed/aux_pan_gvpa_staging/clustering/tmp_90/9844281640029068509/clu_seqs data/processed/aux_pan_gvpa_staging/clustering/tmp_90/9844281640029068509/all_seqs.fasta -v 3 

Time for processing: 0h 0m 0s 0ms
rmdb data/processed/aux_pan_gvpa_staging/clustering/tmp_90/9844281640029068509/input -v 3 

Time for processing: 0h 0m 0s 0ms
rmdb data/processed/aux_pan_gvpa_staging/clustering/tmp_90/9844281640029068509/input_h -v 3 

Time for processing: 0h 0m 0s 0ms
rmdb data/processed/aux_pan_gvpa_staging/clustering/tmp_90/9844281640029068509/clu_seqs -v 3 

Time for processing: 0h 0m 0s 0ms
rmdb data/processed/aux_pan_gvpa_staging/clustering/tmp_90/9844281640029068509/clu_rep -v 3 

Time for processing: 0h 0m 0s 0ms
rmdb data/processed/aux_pan_gvpa_staging/clustering/tmp_90/9844281640029068509/clu -v 3 

Time for processing: 0h 0m 0s 0ms
MMseqs2 clustering finished: data/processed/aux_pan_gvpa_staging/clustering
